$ eksctl create cluster --name simple-jwt-api --nodes=2 --version=1.22 --instance-types=t2.medium --region=us-east-2
2022-08-27 23:05:21 [ℹ]  eksctl version 0.109.0
2022-08-27 23:05:21 [ℹ]  using region us-east-2
2022-08-27 23:05:22 [ℹ]  setting availability zones to [us-east-2a us-east-2c us-east-2b]
2022-08-27 23:05:22 [ℹ]  subnets for us-east-2a - public:192.168.0.0/19 private:192.168.96.0/19
2022-08-27 23:05:22 [ℹ]  subnets for us-east-2c - public:192.168.32.0/19 private:192.168.128.0/19
2022-08-27 23:05:22 [ℹ]  subnets for us-east-2b - public:192.168.64.0/19 private:192.168.160.0/19
2022-08-27 23:05:22 [ℹ]  nodegroup "ng-8ec87550" will use "" [AmazonLinux2/1.22]
2022-08-27 23:05:22 [ℹ]  using Kubernetes version 1.22
2022-08-27 23:05:22 [ℹ]  creating EKS cluster "simple-jwt-api" in "us-east-2" region with managed nodes
2022-08-27 23:05:22 [ℹ]  will create 2 separate CloudFormation stacks for cluster itself and the initial managed nodegroup
2022-08-27 23:05:22 [ℹ]  if you encounter any issues, check CloudFormation console or try 'eksctl utils describe-stacks --region=us-east-2 --cluster=simple-jwt-api'
2022-08-27 23:05:22 [ℹ]  Kubernetes API endpoint access will use default of {publicAccess=true, privateAccess=false} for cluster "simple-jwt-api" in "us-east-2"
2022-08-27 23:05:22 [ℹ]  CloudWatch logging will not be enabled for cluster "simple-jwt-api" in "us-east-2"
2022-08-27 23:05:22 [ℹ]  you can enable it with 'eksctl utils update-cluster-logging --enable-types={SPECIFY-YOUR-LOG-TYPES-HERE (e.g. all)} --region=us-east-2 --cluster=simple-jwt-api'
2022-08-27 23:05:22 [ℹ]
2 sequential tasks: { create cluster control plane "simple-jwt-api",
    2 sequential sub-tasks: {
        wait for control plane to become ready,
        create managed nodegroup "ng-8ec87550",
    }
}
2022-08-27 23:05:22 [ℹ]  building cluster stack "eksctl-simple-jwt-api-cluster"
2022-08-27 23:05:23 [ℹ]  deploying stack "eksctl-simple-jwt-api-cluster"
2022-08-27 23:05:53 [ℹ]  waiting for CloudFormation stack "eksctl-simple-jwt-api-cluster"
2022-08-27 23:06:24 [ℹ]  waiting for CloudFormation stack "eksctl-simple-jwt-api-cluster"
2022-08-27 23:07:25 [ℹ]  waiting for CloudFormation stack "eksctl-simple-jwt-api-cluster"
2022-08-27 23:08:25 [ℹ]  waiting for CloudFormation stack "eksctl-simple-jwt-api-cluster"
2022-08-27 23:09:26 [ℹ]  waiting for CloudFormation stack "eksctl-simple-jwt-api-cluster"
2022-08-27 23:10:27 [ℹ]  waiting for CloudFormation stack "eksctl-simple-jwt-api-cluster"
2022-08-27 23:11:27 [ℹ]  waiting for CloudFormation stack "eksctl-simple-jwt-api-cluster"
2022-08-27 23:12:28 [ℹ]  waiting for CloudFormation stack "eksctl-simple-jwt-api-cluster"
2022-08-27 23:13:29 [ℹ]  waiting for CloudFormation stack "eksctl-simple-jwt-api-cluster"
2022-08-27 23:14:29 [ℹ]  waiting for CloudFormation stack "eksctl-simple-jwt-api-cluster"
2022-08-27 23:15:30 [ℹ]  waiting for CloudFormation stack "eksctl-simple-jwt-api-cluster"
2022-08-27 23:16:31 [ℹ]  waiting for CloudFormation stack "eksctl-simple-jwt-api-cluster"
2022-08-27 23:18:36 [ℹ]  building managed nodegroup stack "eksctl-simple-jwt-api-nodegroup-ng-8ec87550"
2022-08-27 23:18:37 [ℹ]  deploying stack "eksctl-simple-jwt-api-nodegroup-ng-8ec87550"
2022-08-27 23:18:37 [ℹ]  waiting for CloudFormation stack "eksctl-simple-jwt-api-nodegroup-ng-8ec87550"
2022-08-27 23:19:08 [ℹ]  waiting for CloudFormation stack "eksctl-simple-jwt-api-nodegroup-ng-8ec87550"
2022-08-27 23:19:54 [ℹ]  waiting for CloudFormation stack "eksctl-simple-jwt-api-nodegroup-ng-8ec87550"
2022-08-27 23:21:00 [ℹ]  waiting for CloudFormation stack "eksctl-simple-jwt-api-nodegroup-ng-8ec87550"
2022-08-27 23:22:22 [ℹ]  waiting for CloudFormation stack "eksctl-simple-jwt-api-nodegroup-ng-8ec87550"
2022-08-27 23:22:23 [ℹ]  waiting for the control plane availability...
2022-08-27 23:22:23 [✔]  saved kubeconfig as "/home/micha/.kube/config"
2022-08-27 23:22:23 [ℹ]  no tasks
2022-08-27 23:22:23 [✔]  all EKS cluster resources for "simple-jwt-api" have been created
2022-08-27 23:22:24 [ℹ]  nodegroup "ng-8ec87550" has 2 node(s)
2022-08-27 23:22:24 [ℹ]  node "ip-192-168-12-245.us-east-2.compute.internal" is ready
2022-08-27 23:22:24 [ℹ]  node "ip-192-168-54-75.us-east-2.compute.internal" is ready
2022-08-27 23:22:24 [ℹ]  waiting for at least 2 node(s) to become ready in "ng-8ec87550"
2022-08-27 23:22:24 [ℹ]  nodegroup "ng-8ec87550" has 2 node(s)
2022-08-27 23:22:24 [ℹ]  node "ip-192-168-12-245.us-east-2.compute.internal" is ready
2022-08-27 23:22:24 [ℹ]  node "ip-192-168-54-75.us-east-2.compute.internal" is ready
2022-08-27 23:22:26 [ℹ]  kubectl command should work with "/home/micha/.kube/config", try 'kubectl get nodes'
2022-08-27 23:22:26 [✔]  EKS cluster "simple-jwt-api" in "us-east-2" region is ready

$ kubectl version --short --client
Client Version: v1.22.0
$ kubectl config current-context
Admin@simple-jwt-api.us-east-2.eksctl.io
$ kubectl config get-contexts
CURRENT   NAME                                       CLUSTER                              AUTHINFO                                   NAMESPACE
*         Admin@simple-jwt-api.us-east-2.eksctl.io   simple-jwt-api.us-east-2.eksctl.io   Admin@simple-jwt-api.us-east-2.eksctl.io
$ kubectl get nodes
error: You must be logged in to the server (Unauthorized)